---
source: src/classifieds/parse/item.rs
expression: user
input_file: src/classifieds/parse/test-input/item/basic.html
---
ClassifiedsDetails {
    location: Some(
        "Aachen, Germany",
    ),
    photo_urls: [
        "https://www.segelflug.de/osclass/oc-content/uploads/505/125034.jpg",
        "https://www.segelflug.de/osclass/oc-content/uploads/505/125035.jpg",
    ],
    price: Some(
        "250,00 â‚¬",
    ),
    user_link: Some(
        "https://www.segelflug.de/osclass/index.php?page=user&action=pub_profile&id=7164",
    ),
}
